// Jest Snapshot v1, https://goo.gl/fbAQLP

exports[`renders correctly 1`] = `
<View
  style={
    Object {
      "flexDirection": "row",
      "justifyContent": "space-around",
      "overflow": "hidden",
    }
  }
>
  <View
    style={
      Object {
        "backgroundColor": "rgba(0,0,0,0.5)",
        "borderRadius": 0.5,
        "height": 1,
        "margin": 2,
        "width": 1,
      }
    }
  />
  <View
    style={
      Object {
        "backgroundColor": "rgba(0,0,0,0.5)",
        "borderRadius": 0.5,
        "height": 1,
        "margin": 2,
        "width": 1,
      }
    }
  />
  <View
    style={
      Object {
        "backgroundColor": "rgba(0,0,0,0.5)",
        "borderRadius": 0.5,
        "height": 1,
        "margin": 2,
        "width": 1,
      }
    }
  />
  <View
    style={
      Object {
        "backgroundColor": "rgba(0,0,0,0.5)",
        "borderRadius": 0.5,
        "height": 1,
        "margin": 2,
        "width": 1,
      }
    }
  />
  <View
    style={
      Object {
        "backgroundColor": "rgba(0,0,0,0.5)",
        "borderRadius": 0.5,
        "height": 1,
        "margin": 2,
        "width": 1,
      }
    }
  />
  <View
    style={
      Object {
        "backgroundColor": "rgba(0,0,0,0.5)",
        "borderRadius": 0.5,
        "height": 1,
        "margin": 2,
        "width": 1,
      }
    }
  />
  <View
    style={
      Object {
        "backgroundColor": "rgba(0,0,0,0.5)",
        "borderRadius": 0.5,
        "height": 1,
        "margin": 2,
        "width": 1,
      }
    }
  />
  <View
    style={
      Object {
        "backgroundColor": "rgba(0,0,0,0.5)",
        "borderRadius": 0.5,
        "height": 1,
        "margin": 2,
        "width": 1,
      }
    }
  />
  <View
    style={
      Object {
        "backgroundColor": "rgba(0,0,0,0.5)",
        "borderRadius": 0.5,
        "height": 1,
        "margin": 2,
        "width": 1,
      }
    }
  />
  <View
    style={
      Object {
        "backgroundColor": "rgba(0,0,0,0.5)",
        "borderRadius": 0.5,
        "height": 1,
        "margin": 2,
        "width": 1,
      }
    }
  />
  <View
    style={
      Object {
        "backgroundColor": "rgba(0,0,0,0.5)",
        "borderRadius": 0.5,
        "height": 1,
        "margin": 2,
        "width": 1,
      }
    }
  />
  <View
    style={
      Object {
        "backgroundColor": "rgba(0,0,0,0.5)",
        "borderRadius": 0.5,
        "height": 1,
        "margin": 2,
        "width": 1,
      }
    }
  />
  <View
    style={
      Object {
        "backgroundColor": "rgba(0,0,0,0.5)",
        "borderRadius": 0.5,
        "height": 1,
        "margin": 2,
        "width": 1,
      }
    }
  />
  <View
    style={
      Object {
        "backgroundColor": "rgba(0,0,0,0.5)",
        "borderRadius": 0.5,
        "height": 1,
        "margin": 2,
        "width": 1,
      }
    }
  />
  <View
    style={
      Object {
        "backgroundColor": "rgba(0,0,0,0.5)",
        "borderRadius": 0.5,
        "height": 1,
        "margin": 2,
        "width": 1,
      }
    }
  />
  <View
    style={
      Object {
        "backgroundColor": "rgba(0,0,0,0.5)",
        "borderRadius": 0.5,
        "height": 1,
        "margin": 2,
        "width": 1,
      }
    }
  />
  <View
    style={
      Object {
        "backgroundColor": "rgba(0,0,0,0.5)",
        "borderRadius": 0.5,
        "height": 1,
        "margin": 2,
        "width": 1,
      }
    }
  />
  <View
    style={
      Object {
        "backgroundColor": "rgba(0,0,0,0.5)",
        "borderRadius": 0.5,
        "height": 1,
        "margin": 2,
        "width": 1,
      }
    }
  />
  <View
    style={
      Object {
        "backgroundColor": "rgba(0,0,0,0.5)",
        "borderRadius": 0.5,
        "height": 1,
        "margin": 2,
        "width": 1,
      }
    }
  />
  <View
    style={
      Object {
        "backgroundColor": "rgba(0,0,0,0.5)",
        "borderRadius": 0.5,
        "height": 1,
        "margin": 2,
        "width": 1,
      }
    }
  />
  <View
    style={
      Object {
        "backgroundColor": "rgba(0,0,0,0.5)",
        "borderRadius": 0.5,
        "height": 1,
        "margin": 2,
        "width": 1,
      }
    }
  />
  <View
    style={
      Object {
        "backgroundColor": "rgba(0,0,0,0.5)",
        "borderRadius": 0.5,
        "height": 1,
        "margin": 2,
        "width": 1,
      }
    }
  />
  <View
    style={
      Object {
        "backgroundColor": "rgba(0,0,0,0.5)",
        "borderRadius": 0.5,
        "height": 1,
        "margin": 2,
        "width": 1,
      }
    }
  />
  <View
    style={
      Object {
        "backgroundColor": "rgba(0,0,0,0.5)",
        "borderRadius": 0.5,
        "height": 1,
        "margin": 2,
        "width": 1,
      }
    }
  />
  <View
    style={
      Object {
        "backgroundColor": "rgba(0,0,0,0.5)",
        "borderRadius": 0.5,
        "height": 1,
        "margin": 2,
        "width": 1,
      }
    }
  />
  <View
    style={
      Object {
        "backgroundColor": "rgba(0,0,0,0.5)",
        "borderRadius": 0.5,
        "height": 1,
        "margin": 2,
        "width": 1,
      }
    }
  />
  <View
    style={
      Object {
        "backgroundColor": "rgba(0,0,0,0.5)",
        "borderRadius": 0.5,
        "height": 1,
        "margin": 2,
        "width": 1,
      }
    }
  />
  <View
    style={
      Object {
        "backgroundColor": "rgba(0,0,0,0.5)",
        "borderRadius": 0.5,
        "height": 1,
        "margin": 2,
        "width": 1,
      }
    }
  />
  <View
    style={
      Object {
        "backgroundColor": "rgba(0,0,0,0.5)",
        "borderRadius": 0.5,
        "height": 1,
        "margin": 2,
        "width": 1,
      }
    }
  />
  <View
    style={
      Object {
        "backgroundColor": "rgba(0,0,0,0.5)",
        "borderRadius": 0.5,
        "height": 1,
        "margin": 2,
        "width": 1,
      }
    }
  />
  <View
    style={
      Object {
        "backgroundColor": "rgba(0,0,0,0.5)",
        "borderRadius": 0.5,
        "height": 1,
        "margin": 2,
        "width": 1,
      }
    }
  />
  <View
    style={
      Object {
        "backgroundColor": "rgba(0,0,0,0.5)",
        "borderRadius": 0.5,
        "height": 1,
        "margin": 2,
        "width": 1,
      }
    }
  />
  <View
    style={
      Object {
        "backgroundColor": "rgba(0,0,0,0.5)",
        "borderRadius": 0.5,
        "height": 1,
        "margin": 2,
        "width": 1,
      }
    }
  />
  <View
    style={
      Object {
        "backgroundColor": "rgba(0,0,0,0.5)",
        "borderRadius": 0.5,
        "height": 1,
        "margin": 2,
        "width": 1,
      }
    }
  />
  <View
    style={
      Object {
        "backgroundColor": "rgba(0,0,0,0.5)",
        "borderRadius": 0.5,
        "height": 1,
        "margin": 2,
        "width": 1,
      }
    }
  />
  <View
    style={
      Object {
        "backgroundColor": "rgba(0,0,0,0.5)",
        "borderRadius": 0.5,
        "height": 1,
        "margin": 2,
        "width": 1,
      }
    }
  />
  <View
    style={
      Object {
        "backgroundColor": "rgba(0,0,0,0.5)",
        "borderRadius": 0.5,
        "height": 1,
        "margin": 2,
        "width": 1,
      }
    }
  />
  <View
    style={
      Object {
        "backgroundColor": "rgba(0,0,0,0.5)",
        "borderRadius": 0.5,
        "height": 1,
        "margin": 2,
        "width": 1,
      }
    }
  />
  <View
    style={
      Object {
        "backgroundColor": "rgba(0,0,0,0.5)",
        "borderRadius": 0.5,
        "height": 1,
        "margin": 2,
        "width": 1,
      }
    }
  />
  <View
    style={
      Object {
        "backgroundColor": "rgba(0,0,0,0.5)",
        "borderRadius": 0.5,
        "height": 1,
        "margin": 2,
        "width": 1,
      }
    }
  />
  <View
    style={
      Object {
        "backgroundColor": "rgba(0,0,0,0.5)",
        "borderRadius": 0.5,
        "height": 1,
        "margin": 2,
        "width": 1,
      }
    }
  />
  <View
    style={
      Object {
        "backgroundColor": "rgba(0,0,0,0.5)",
        "borderRadius": 0.5,
        "height": 1,
        "margin": 2,
        "width": 1,
      }
    }
  />
  <View
    style={
      Object {
        "backgroundColor": "rgba(0,0,0,0.5)",
        "borderRadius": 0.5,
        "height": 1,
        "margin": 2,
        "width": 1,
      }
    }
  />
  <View
    style={
      Object {
        "backgroundColor": "rgba(0,0,0,0.5)",
        "borderRadius": 0.5,
        "height": 1,
        "margin": 2,
        "width": 1,
      }
    }
  />
  <View
    style={
      Object {
        "backgroundColor": "rgba(0,0,0,0.5)",
        "borderRadius": 0.5,
        "height": 1,
        "margin": 2,
        "width": 1,
      }
    }
  />
  <View
    style={
      Object {
        "backgroundColor": "rgba(0,0,0,0.5)",
        "borderRadius": 0.5,
        "height": 1,
        "margin": 2,
        "width": 1,
      }
    }
  />
  <View
    style={
      Object {
        "backgroundColor": "rgba(0,0,0,0.5)",
        "borderRadius": 0.5,
        "height": 1,
        "margin": 2,
        "width": 1,
      }
    }
  />
  <View
    style={
      Object {
        "backgroundColor": "rgba(0,0,0,0.5)",
        "borderRadius": 0.5,
        "height": 1,
        "margin": 2,
        "width": 1,
      }
    }
  />
  <View
    style={
      Object {
        "backgroundColor": "rgba(0,0,0,0.5)",
        "borderRadius": 0.5,
        "height": 1,
        "margin": 2,
        "width": 1,
      }
    }
  />
  <View
    style={
      Object {
        "backgroundColor": "rgba(0,0,0,0.5)",
        "borderRadius": 0.5,
        "height": 1,
        "margin": 2,
        "width": 1,
      }
    }
  />
  <View
    style={
      Object {
        "backgroundColor": "rgba(0,0,0,0.5)",
        "borderRadius": 0.5,
        "height": 1,
        "margin": 2,
        "width": 1,
      }
    }
  />
  <View
    style={
      Object {
        "backgroundColor": "rgba(0,0,0,0.5)",
        "borderRadius": 0.5,
        "height": 1,
        "margin": 2,
        "width": 1,
      }
    }
  />
  <View
    style={
      Object {
        "backgroundColor": "rgba(0,0,0,0.5)",
        "borderRadius": 0.5,
        "height": 1,
        "margin": 2,
        "width": 1,
      }
    }
  />
  <View
    style={
      Object {
        "backgroundColor": "rgba(0,0,0,0.5)",
        "borderRadius": 0.5,
        "height": 1,
        "margin": 2,
        "width": 1,
      }
    }
  />
  <View
    style={
      Object {
        "backgroundColor": "rgba(0,0,0,0.5)",
        "borderRadius": 0.5,
        "height": 1,
        "margin": 2,
        "width": 1,
      }
    }
  />
  <View
    style={
      Object {
        "backgroundColor": "rgba(0,0,0,0.5)",
        "borderRadius": 0.5,
        "height": 1,
        "margin": 2,
        "width": 1,
      }
    }
  />
  <View
    style={
      Object {
        "backgroundColor": "rgba(0,0,0,0.5)",
        "borderRadius": 0.5,
        "height": 1,
        "margin": 2,
        "width": 1,
      }
    }
  />
  <View
    style={
      Object {
        "backgroundColor": "rgba(0,0,0,0.5)",
        "borderRadius": 0.5,
        "height": 1,
        "margin": 2,
        "width": 1,
      }
    }
  />
  <View
    style={
      Object {
        "backgroundColor": "rgba(0,0,0,0.5)",
        "borderRadius": 0.5,
        "height": 1,
        "margin": 2,
        "width": 1,
      }
    }
  />
  <View
    style={
      Object {
        "backgroundColor": "rgba(0,0,0,0.5)",
        "borderRadius": 0.5,
        "height": 1,
        "margin": 2,
        "width": 1,
      }
    }
  />
  <View
    style={
      Object {
        "backgroundColor": "rgba(0,0,0,0.5)",
        "borderRadius": 0.5,
        "height": 1,
        "margin": 2,
        "width": 1,
      }
    }
  />
  <View
    style={
      Object {
        "backgroundColor": "rgba(0,0,0,0.5)",
        "borderRadius": 0.5,
        "height": 1,
        "margin": 2,
        "width": 1,
      }
    }
  />
  <View
    style={
      Object {
        "backgroundColor": "rgba(0,0,0,0.5)",
        "borderRadius": 0.5,
        "height": 1,
        "margin": 2,
        "width": 1,
      }
    }
  />
  <View
    style={
      Object {
        "backgroundColor": "rgba(0,0,0,0.5)",
        "borderRadius": 0.5,
        "height": 1,
        "margin": 2,
        "width": 1,
      }
    }
  />
  <View
    style={
      Object {
        "backgroundColor": "rgba(0,0,0,0.5)",
        "borderRadius": 0.5,
        "height": 1,
        "margin": 2,
        "width": 1,
      }
    }
  />
  <View
    style={
      Object {
        "backgroundColor": "rgba(0,0,0,0.5)",
        "borderRadius": 0.5,
        "height": 1,
        "margin": 2,
        "width": 1,
      }
    }
  />
  <View
    style={
      Object {
        "backgroundColor": "rgba(0,0,0,0.5)",
        "borderRadius": 0.5,
        "height": 1,
        "margin": 2,
        "width": 1,
      }
    }
  />
  <View
    style={
      Object {
        "backgroundColor": "rgba(0,0,0,0.5)",
        "borderRadius": 0.5,
        "height": 1,
        "margin": 2,
        "width": 1,
      }
    }
  />
  <View
    style={
      Object {
        "backgroundColor": "rgba(0,0,0,0.5)",
        "borderRadius": 0.5,
        "height": 1,
        "margin": 2,
        "width": 1,
      }
    }
  />
  <View
    style={
      Object {
        "backgroundColor": "rgba(0,0,0,0.5)",
        "borderRadius": 0.5,
        "height": 1,
        "margin": 2,
        "width": 1,
      }
    }
  />
  <View
    style={
      Object {
        "backgroundColor": "rgba(0,0,0,0.5)",
        "borderRadius": 0.5,
        "height": 1,
        "margin": 2,
        "width": 1,
      }
    }
  />
  <View
    style={
      Object {
        "backgroundColor": "rgba(0,0,0,0.5)",
        "borderRadius": 0.5,
        "height": 1,
        "margin": 2,
        "width": 1,
      }
    }
  />
  <View
    style={
      Object {
        "backgroundColor": "rgba(0,0,0,0.5)",
        "borderRadius": 0.5,
        "height": 1,
        "margin": 2,
        "width": 1,
      }
    }
  />
  <View
    style={
      Object {
        "backgroundColor": "rgba(0,0,0,0.5)",
        "borderRadius": 0.5,
        "height": 1,
        "margin": 2,
        "width": 1,
      }
    }
  />
  <View
    style={
      Object {
        "backgroundColor": "rgba(0,0,0,0.5)",
        "borderRadius": 0.5,
        "height": 1,
        "margin": 2,
        "width": 1,
      }
    }
  />
  <View
    style={
      Object {
        "backgroundColor": "rgba(0,0,0,0.5)",
        "borderRadius": 0.5,
        "height": 1,
        "margin": 2,
        "width": 1,
      }
    }
  />
  <View
    style={
      Object {
        "backgroundColor": "rgba(0,0,0,0.5)",
        "borderRadius": 0.5,
        "height": 1,
        "margin": 2,
        "width": 1,
      }
    }
  />
  <View
    style={
      Object {
        "backgroundColor": "rgba(0,0,0,0.5)",
        "borderRadius": 0.5,
        "height": 1,
        "margin": 2,
        "width": 1,
      }
    }
  />
  <View
    style={
      Object {
        "backgroundColor": "rgba(0,0,0,0.5)",
        "borderRadius": 0.5,
        "height": 1,
        "margin": 2,
        "width": 1,
      }
    }
  />
  <View
    style={
      Object {
        "backgroundColor": "rgba(0,0,0,0.5)",
        "borderRadius": 0.5,
        "height": 1,
        "margin": 2,
        "width": 1,
      }
    }
  />
  <View
    style={
      Object {
        "backgroundColor": "rgba(0,0,0,0.5)",
        "borderRadius": 0.5,
        "height": 1,
        "margin": 2,
        "width": 1,
      }
    }
  />
  <View
    style={
      Object {
        "backgroundColor": "rgba(0,0,0,0.5)",
        "borderRadius": 0.5,
        "height": 1,
        "margin": 2,
        "width": 1,
      }
    }
  />
  <View
    style={
      Object {
        "backgroundColor": "rgba(0,0,0,0.5)",
        "borderRadius": 0.5,
        "height": 1,
        "margin": 2,
        "width": 1,
      }
    }
  />
  <View
    style={
      Object {
        "backgroundColor": "rgba(0,0,0,0.5)",
        "borderRadius": 0.5,
        "height": 1,
        "margin": 2,
        "width": 1,
      }
    }
  />
  <View
    style={
      Object {
        "backgroundColor": "rgba(0,0,0,0.5)",
        "borderRadius": 0.5,
        "height": 1,
        "margin": 2,
        "width": 1,
      }
    }
  />
  <View
    style={
      Object {
        "backgroundColor": "rgba(0,0,0,0.5)",
        "borderRadius": 0.5,
        "height": 1,
        "margin": 2,
        "width": 1,
      }
    }
  />
  <View
    style={
      Object {
        "backgroundColor": "rgba(0,0,0,0.5)",
        "borderRadius": 0.5,
        "height": 1,
        "margin": 2,
        "width": 1,
      }
    }
  />
  <View
    style={
      Object {
        "backgroundColor": "rgba(0,0,0,0.5)",
        "borderRadius": 0.5,
        "height": 1,
        "margin": 2,
        "width": 1,
      }
    }
  />
  <View
    style={
      Object {
        "backgroundColor": "rgba(0,0,0,0.5)",
        "borderRadius": 0.5,
        "height": 1,
        "margin": 2,
        "width": 1,
      }
    }
  />
  <View
    style={
      Object {
        "backgroundColor": "rgba(0,0,0,0.5)",
        "borderRadius": 0.5,
        "height": 1,
        "margin": 2,
        "width": 1,
      }
    }
  />
  <View
    style={
      Object {
        "backgroundColor": "rgba(0,0,0,0.5)",
        "borderRadius": 0.5,
        "height": 1,
        "margin": 2,
        "width": 1,
      }
    }
  />
  <View
    style={
      Object {
        "backgroundColor": "rgba(0,0,0,0.5)",
        "borderRadius": 0.5,
        "height": 1,
        "margin": 2,
        "width": 1,
      }
    }
  />
  <View
    style={
      Object {
        "backgroundColor": "rgba(0,0,0,0.5)",
        "borderRadius": 0.5,
        "height": 1,
        "margin": 2,
        "width": 1,
      }
    }
  />
  <View
    style={
      Object {
        "backgroundColor": "rgba(0,0,0,0.5)",
        "borderRadius": 0.5,
        "height": 1,
        "margin": 2,
        "width": 1,
      }
    }
  />
  <View
    style={
      Object {
        "backgroundColor": "rgba(0,0,0,0.5)",
        "borderRadius": 0.5,
        "height": 1,
        "margin": 2,
        "width": 1,
      }
    }
  />
  <View
    style={
      Object {
        "backgroundColor": "rgba(0,0,0,0.5)",
        "borderRadius": 0.5,
        "height": 1,
        "margin": 2,
        "width": 1,
      }
    }
  />
  <View
    style={
      Object {
        "backgroundColor": "rgba(0,0,0,0.5)",
        "borderRadius": 0.5,
        "height": 1,
        "margin": 2,
        "width": 1,
      }
    }
  />
  <View
    style={
      Object {
        "backgroundColor": "rgba(0,0,0,0.5)",
        "borderRadius": 0.5,
        "height": 1,
        "margin": 2,
        "width": 1,
      }
    }
  />
  <View
    style={
      Object {
        "backgroundColor": "rgba(0,0,0,0.5)",
        "borderRadius": 0.5,
        "height": 1,
        "margin": 2,
        "width": 1,
      }
    }
  />
  <View
    style={
      Object {
        "backgroundColor": "rgba(0,0,0,0.5)",
        "borderRadius": 0.5,
        "height": 1,
        "margin": 2,
        "width": 1,
      }
    }
  />
  <View
    style={
      Object {
        "backgroundColor": "rgba(0,0,0,0.5)",
        "borderRadius": 0.5,
        "height": 1,
        "margin": 2,
        "width": 1,
      }
    }
  />
  <View
    style={
      Object {
        "backgroundColor": "rgba(0,0,0,0.5)",
        "borderRadius": 0.5,
        "height": 1,
        "margin": 2,
        "width": 1,
      }
    }
  />
  <View
    style={
      Object {
        "backgroundColor": "rgba(0,0,0,0.5)",
        "borderRadius": 0.5,
        "height": 1,
        "margin": 2,
        "width": 1,
      }
    }
  />
  <View
    style={
      Object {
        "backgroundColor": "rgba(0,0,0,0.5)",
        "borderRadius": 0.5,
        "height": 1,
        "margin": 2,
        "width": 1,
      }
    }
  />
  <View
    style={
      Object {
        "backgroundColor": "rgba(0,0,0,0.5)",
        "borderRadius": 0.5,
        "height": 1,
        "margin": 2,
        "width": 1,
      }
    }
  />
  <View
    style={
      Object {
        "backgroundColor": "rgba(0,0,0,0.5)",
        "borderRadius": 0.5,
        "height": 1,
        "margin": 2,
        "width": 1,
      }
    }
  />
  <View
    style={
      Object {
        "backgroundColor": "rgba(0,0,0,0.5)",
        "borderRadius": 0.5,
        "height": 1,
        "margin": 2,
        "width": 1,
      }
    }
  />
  <View
    style={
      Object {
        "backgroundColor": "rgba(0,0,0,0.5)",
        "borderRadius": 0.5,
        "height": 1,
        "margin": 2,
        "width": 1,
      }
    }
  />
  <View
    style={
      Object {
        "backgroundColor": "rgba(0,0,0,0.5)",
        "borderRadius": 0.5,
        "height": 1,
        "margin": 2,
        "width": 1,
      }
    }
  />
  <View
    style={
      Object {
        "backgroundColor": "rgba(0,0,0,0.5)",
        "borderRadius": 0.5,
        "height": 1,
        "margin": 2,
        "width": 1,
      }
    }
  />
  <View
    style={
      Object {
        "backgroundColor": "rgba(0,0,0,0.5)",
        "borderRadius": 0.5,
        "height": 1,
        "margin": 2,
        "width": 1,
      }
    }
  />
  <View
    style={
      Object {
        "backgroundColor": "rgba(0,0,0,0.5)",
        "borderRadius": 0.5,
        "height": 1,
        "margin": 2,
        "width": 1,
      }
    }
  />
  <View
    style={
      Object {
        "backgroundColor": "rgba(0,0,0,0.5)",
        "borderRadius": 0.5,
        "height": 1,
        "margin": 2,
        "width": 1,
      }
    }
  />
  <View
    style={
      Object {
        "backgroundColor": "rgba(0,0,0,0.5)",
        "borderRadius": 0.5,
        "height": 1,
        "margin": 2,
        "width": 1,
      }
    }
  />
  <View
    style={
      Object {
        "backgroundColor": "rgba(0,0,0,0.5)",
        "borderRadius": 0.5,
        "height": 1,
        "margin": 2,
        "width": 1,
      }
    }
  />
  <View
    style={
      Object {
        "backgroundColor": "rgba(0,0,0,0.5)",
        "borderRadius": 0.5,
        "height": 1,
        "margin": 2,
        "width": 1,
      }
    }
  />
  <View
    style={
      Object {
        "backgroundColor": "rgba(0,0,0,0.5)",
        "borderRadius": 0.5,
        "height": 1,
        "margin": 2,
        "width": 1,
      }
    }
  />
  <View
    style={
      Object {
        "backgroundColor": "rgba(0,0,0,0.5)",
        "borderRadius": 0.5,
        "height": 1,
        "margin": 2,
        "width": 1,
      }
    }
  />
  <View
    style={
      Object {
        "backgroundColor": "rgba(0,0,0,0.5)",
        "borderRadius": 0.5,
        "height": 1,
        "margin": 2,
        "width": 1,
      }
    }
  />
  <View
    style={
      Object {
        "backgroundColor": "rgba(0,0,0,0.5)",
        "borderRadius": 0.5,
        "height": 1,
        "margin": 2,
        "width": 1,
      }
    }
  />
  <View
    style={
      Object {
        "backgroundColor": "rgba(0,0,0,0.5)",
        "borderRadius": 0.5,
        "height": 1,
        "margin": 2,
        "width": 1,
      }
    }
  />
  <View
    style={
      Object {
        "backgroundColor": "rgba(0,0,0,0.5)",
        "borderRadius": 0.5,
        "height": 1,
        "margin": 2,
        "width": 1,
      }
    }
  />
  <View
    style={
      Object {
        "backgroundColor": "rgba(0,0,0,0.5)",
        "borderRadius": 0.5,
        "height": 1,
        "margin": 2,
        "width": 1,
      }
    }
  />
  <View
    style={
      Object {
        "backgroundColor": "rgba(0,0,0,0.5)",
        "borderRadius": 0.5,
        "height": 1,
        "margin": 2,
        "width": 1,
      }
    }
  />
  <View
    style={
      Object {
        "backgroundColor": "rgba(0,0,0,0.5)",
        "borderRadius": 0.5,
        "height": 1,
        "margin": 2,
        "width": 1,
      }
    }
  />
  <View
    style={
      Object {
        "backgroundColor": "rgba(0,0,0,0.5)",
        "borderRadius": 0.5,
        "height": 1,
        "margin": 2,
        "width": 1,
      }
    }
  />
  <View
    style={
      Object {
        "backgroundColor": "rgba(0,0,0,0.5)",
        "borderRadius": 0.5,
        "height": 1,
        "margin": 2,
        "width": 1,
      }
    }
  />
  <View
    style={
      Object {
        "backgroundColor": "rgba(0,0,0,0.5)",
        "borderRadius": 0.5,
        "height": 1,
        "margin": 2,
        "width": 1,
      }
    }
  />
  <View
    style={
      Object {
        "backgroundColor": "rgba(0,0,0,0.5)",
        "borderRadius": 0.5,
        "height": 1,
        "margin": 2,
        "width": 1,
      }
    }
  />
  <View
    style={
      Object {
        "backgroundColor": "rgba(0,0,0,0.5)",
        "borderRadius": 0.5,
        "height": 1,
        "margin": 2,
        "width": 1,
      }
    }
  />
  <View
    style={
      Object {
        "backgroundColor": "rgba(0,0,0,0.5)",
        "borderRadius": 0.5,
        "height": 1,
        "margin": 2,
        "width": 1,
      }
    }
  />
  <View
    style={
      Object {
        "backgroundColor": "rgba(0,0,0,0.5)",
        "borderRadius": 0.5,
        "height": 1,
        "margin": 2,
        "width": 1,
      }
    }
  />
  <View
    style={
      Object {
        "backgroundColor": "rgba(0,0,0,0.5)",
        "borderRadius": 0.5,
        "height": 1,
        "margin": 2,
        "width": 1,
      }
    }
  />
  <View
    style={
      Object {
        "backgroundColor": "rgba(0,0,0,0.5)",
        "borderRadius": 0.5,
        "height": 1,
        "margin": 2,
        "width": 1,
      }
    }
  />
  <View
    style={
      Object {
        "backgroundColor": "rgba(0,0,0,0.5)",
        "borderRadius": 0.5,
        "height": 1,
        "margin": 2,
        "width": 1,
      }
    }
  />
  <View
    style={
      Object {
        "backgroundColor": "rgba(0,0,0,0.5)",
        "borderRadius": 0.5,
        "height": 1,
        "margin": 2,
        "width": 1,
      }
    }
  />
  <View
    style={
      Object {
        "backgroundColor": "rgba(0,0,0,0.5)",
        "borderRadius": 0.5,
        "height": 1,
        "margin": 2,
        "width": 1,
      }
    }
  />
  <View
    style={
      Object {
        "backgroundColor": "rgba(0,0,0,0.5)",
        "borderRadius": 0.5,
        "height": 1,
        "margin": 2,
        "width": 1,
      }
    }
  />
  <View
    style={
      Object {
        "backgroundColor": "rgba(0,0,0,0.5)",
        "borderRadius": 0.5,
        "height": 1,
        "margin": 2,
        "width": 1,
      }
    }
  />
  <View
    style={
      Object {
        "backgroundColor": "rgba(0,0,0,0.5)",
        "borderRadius": 0.5,
        "height": 1,
        "margin": 2,
        "width": 1,
      }
    }
  />
  <View
    style={
      Object {
        "backgroundColor": "rgba(0,0,0,0.5)",
        "borderRadius": 0.5,
        "height": 1,
        "margin": 2,
        "width": 1,
      }
    }
  />
  <View
    style={
      Object {
        "backgroundColor": "rgba(0,0,0,0.5)",
        "borderRadius": 0.5,
        "height": 1,
        "margin": 2,
        "width": 1,
      }
    }
  />
  <View
    style={
      Object {
        "backgroundColor": "rgba(0,0,0,0.5)",
        "borderRadius": 0.5,
        "height": 1,
        "margin": 2,
        "width": 1,
      }
    }
  />
  <View
    style={
      Object {
        "backgroundColor": "rgba(0,0,0,0.5)",
        "borderRadius": 0.5,
        "height": 1,
        "margin": 2,
        "width": 1,
      }
    }
  />
  <View
    style={
      Object {
        "backgroundColor": "rgba(0,0,0,0.5)",
        "borderRadius": 0.5,
        "height": 1,
        "margin": 2,
        "width": 1,
      }
    }
  />
  <View
    style={
      Object {
        "backgroundColor": "rgba(0,0,0,0.5)",
        "borderRadius": 0.5,
        "height": 1,
        "margin": 2,
        "width": 1,
      }
    }
  />
  <View
    style={
      Object {
        "backgroundColor": "rgba(0,0,0,0.5)",
        "borderRadius": 0.5,
        "height": 1,
        "margin": 2,
        "width": 1,
      }
    }
  />
  <View
    style={
      Object {
        "backgroundColor": "rgba(0,0,0,0.5)",
        "borderRadius": 0.5,
        "height": 1,
        "margin": 2,
        "width": 1,
      }
    }
  />
  <View
    style={
      Object {
        "backgroundColor": "rgba(0,0,0,0.5)",
        "borderRadius": 0.5,
        "height": 1,
        "margin": 2,
        "width": 1,
      }
    }
  />
  <View
    style={
      Object {
        "backgroundColor": "rgba(0,0,0,0.5)",
        "borderRadius": 0.5,
        "height": 1,
        "margin": 2,
        "width": 1,
      }
    }
  />
</View>
`;
